"git checkout -- <file>..." to discard changes in working directory)

touch file1
rm file1
git checkout -- file1

touch file2
git add/rm file2
 git reset HEAD file2



user@DESKTOP-OS0KBQ7 MINGW64 ~/downloads/gitrepo12/wsp1 (master)
$ git checkout -- file2



===
 touch file5

user@DESKTOP-OS0KBQ7 MINGW64 ~/downloads/gitrepo12/wsp1 (master)
$ git add file5

user@DESKTOP-OS0KBQ7 MINGW64 ~/downloads/gitrepo12/wsp1 (master)
$ git reset HEAD file5

user@DESKTOP-OS0KBQ7 MINGW64 ~/downloads/gitrepo12/wsp1 (master)
$ git status
On branch master
Your branch is up to date with 'origin/master'.

Untracked files:
  (use "git add <file>..." to include in what will be committed)

        file5

nothing added to commit but untracked files present (use "git add" to track)

====



